Microchip MPLAB XC8 Compiler V3.00

Linker command line:

-W-3 \
  --edf=C:/Program Files/Microchip/MPLABX/v6.25/packs/Microchip/PIC18Fxxxx_DFP/1.7.171/xc8\pic\dat\20250117225543_en.msgs \
  -cn -h+dist/default/debug\Mosque_Time.X.debug.sym \
  --cmf=dist/default/debug\Mosque_Time.X.debug.cmf -z -Q18F4620 \
  -oC:\Users\MOAMEN~1\AppData\Local\Temp\xcAs4hg.\driver_tmp_3.o \
  --defsym=__MPLAB_BUILD=1 --fixupoverflow=error \
  -Mdist/default/debug/Mosque_Time.X.debug.map \
  --md=C:\Users\MOAMEN~1\AppData\Local\Temp\xcAs4hg.\driver_tmp_0.dat -E1 \
  -ver=XC8 Compiler -ACODE=00h-0FFFFh -ACONST=00h-0FFFFh \
  -ASMALLCONST=01000h-010FFhx240 -AMEDIUMCONST=01000h-0FFFFh \
  -ACOMRAM=01h-07Fh -AABS1=00h-0F7Fh -ABIGRAM=01h-0F7Fh \
  -ARAM=080h-0FFh,0100h-01FFhx14,0F00h-0F7Fh -ABANK0=080h-0FFh \
  -ABANK1=0100h-01FFh -ABANK2=0200h-02FFh -ABANK3=0300h-03FFh \
  -ABANK4=0400h-04FFh -ABANK5=0500h-05FFh -ABANK6=0600h-06FFh \
  -ABANK7=0700h-07FFh -ABANK8=0800h-08FFh -ABANK9=0900h-09FFh \
  -ABANK10=0A00h-0AFFh -ABANK11=0B00h-0BFFh -ABANK12=0C00h-0CFFh \
  -ABANK13=0D00h-0DFFh -ABANK14=0E00h-0EFFh -ABANK15=0F00h-0F7Fh \
  -ASFR=0F80h-0FFFh -ABIGSFR=0F80h-0FFFh -ACONFIG=0300000h-030000Dh \
  -AIDLOC=0200000h-0200007h -AEEDATA=0F00000h-0F003FFh -peeprom_data=EEDATA \
  -preset_vec=00h,intcode=8h,intcodelo=18h,sivt_lo,sivt_hi=CODE \
  -ppowerup=CODE,init -pramtop=01000h -psmallconst=SMALLCONST \
  -pmediumconst=MEDIUMCONST -pconst=CONST -AFARRAM=00h-00h \
  -prdata=COMRAM,nvrram=COMRAM,nvbit=COMRAM,rbss=COMRAM,rbit=COMRAM \
  -pfarbss=FARRAM,fardata=FARRAM,nvFARRAM=FARRAM \
  -pintsave_regs=BIGRAM,bigbss=BIGRAM,bigdata=BIGRAM -pbss=RAM \
  -pidata=CODE,irdata=CODE,ibigdata=CODE,ifardata=CODE -prparam=COMRAM \
  C:\Users\MOAMEN~1\AppData\Local\Temp\xcAs4hg.\driver_tmp_9.o \
  dist/default/debug\Mosque_Time.X.debug.o 

Object code version is 3.11

Machine type is 18F4620



                Name                               Link     Load   Length Selector   Space Scale
C:\Users\MOAMEN~1\AppData\Local\Temp\xcAs4hg.\driver_tmp_9.o
                config                           300000   300000        E        0       4
                init                                  E        E        4        4       0
                reset_vec                             0        0        4        0       0
dist/default/debug\Mosque_Time.X.debug.o
                intcode                               8        8        6        4       0
                config                           300000   300000        E        0       4
                temp                                 6A       6A        1        1       1
                smallconst                         1000     1000        2      800       0
                text11                             132E     132E       A6      801       0
                text10                             15F4     15F4       5C      801       0
                intcode_body                       1258     1258       D6      801       0
                text8                              1002     1002      12C      801       0
                text7                              1450     1450       70      801       0
                text6                              112E     112E      12A      801       0
                text5                              14C0     14C0       6E      801       0
                text4                              1592     1592       62      801       0
                text3                              1650     1650       4E      801       0
                text2                              169E     169E       40      801       0
                text1                              13D4     13D4       7C      801       0
                text0                              152E     152E       64      801       0
                cstackCOMRAM                         3A       3A       1C        1       1
                dataCOMRAM                            1        1       39        1       1
                bssCOMRAM                            56       56       14        1       1
                cinit                              16DE     16DE       3A      801       0
                idataCOMRAM                        1718     1718       39      801       0

TOTAL           Name                               Link     Load   Length     Space
        CLASS   CODE           
                intcode                               8        8        6         0
                init                                  E        E        4         0
                reset_vec                             0        0        4         0
                text11                             132E     132E       A6         0
                text10                             15F4     15F4       5C         0
                intcode_body                       1258     1258       D6         0
                text8                              1002     1002      12C         0
                text7                              1450     1450       70         0
                text6                              112E     112E      12A         0
                text5                              14C0     14C0       6E         0
                text4                              1592     1592       62         0
                text3                              1650     1650       4E         0
                text2                              169E     169E       40         0
                text1                              13D4     13D4       7C         0
                text0                              152E     152E       64         0
                cinit                              16DE     16DE       3A         0
                idataCOMRAM                        1718     1718       39         0

        CLASS   CONST          

        CLASS   SMALLCONST     
                smallconst                         1000     1000        2         0

        CLASS   MEDIUMCONST    

        CLASS   COMRAM         
                temp                                 6A       6A        1         1
                cstackCOMRAM                         3A       3A       1C         1
                dataCOMRAM                            1        1       39         1
                bssCOMRAM                            56       56       14         1

        CLASS   ABS1           

        CLASS   BIGRAM         

        CLASS   RAM            

        CLASS   BANK0          

        CLASS   BANK1          

        CLASS   BANK2          

        CLASS   BANK3          

        CLASS   BANK4          

        CLASS   BANK5          

        CLASS   BANK6          

        CLASS   BANK7          

        CLASS   BANK8          

        CLASS   BANK9          

        CLASS   BANK10         

        CLASS   BANK11         

        CLASS   BANK12         

        CLASS   BANK13         

        CLASS   BANK14         

        CLASS   BANK15         

        CLASS   SFR            

        CLASS   BIGSFR         

        CLASS   CONFIG         
                config                           300000   300000        E         4

        CLASS   IDLOC          

        CLASS   EEDATA         

        CLASS   FARRAM         

        CLASS   HEAP           

        CLASS   STACK          



SEGMENTS        Name                           Load    Length   Top    Selector   Space  Class

                reset_vec                      000000  000004  000004         0       0  CODE    
                dataCOMRAM                     000001  00006A  00006B         1       1  COMRAM  
                intcode                        000008  00000A  000012         4       0  CODE    
                smallconst                     001000  000002  001002       800       0  SMALLCON
                text8                          001002  00074F  001751       801       0  CODE    


UNUSED ADDRESS RANGES

        Name                Unused          Largest block    Delta
        BANK0            000080-0000FF               80
        BANK1            000100-0001FF              100
        BANK10           000A00-000AFF              100
        BANK11           000B00-000BFF              100
        BANK12           000C00-000CFF              100
        BANK13           000D00-000DFF              100
        BANK14           000E00-000EFF              100
        BANK15           000F00-000F7F               80
        BANK2            000200-0002FF              100
        BANK3            000300-0003FF              100
        BANK4            000400-0004FF              100
        BANK5            000500-0005FF              100
        BANK6            000600-0006FF              100
        BANK7            000700-0007FF              100
        BANK8            000800-0008FF              100
        BANK9            000900-0009FF              100
        BIGRAM           00006B-000F7F              F15
        BIGSFR           000F80-000FFF               80
        CODE             000004-000007                4
                         000012-000FFF              FEE
                         001751-00FFFF             E8AF
        COMRAM           00006B-00007F               15
        CONST            000004-000007                4
                         000012-000FFF              FEE
                         001751-00FFFF             E8AF
        EEDATA           F00000-F003FF              400
        IDLOC            200000-200007                8
        MEDIUMCONST      001751-00FFFF             E8AF
        RAM              000080-000F7F              100
        SFR              000F80-000FFF               80
        SMALLCONST       001751-00FFFF              100

                                  Symbol Table

BUTTON_INTIALIZE@F3017                bssCOMRAM    000069
BUTTON_INTIALIZE@RET                  cstackCOMRAM 000050
BUTTON_INTIALIZE@pre                  cstackCOMRAM 000051
BUTTON_INTIALIZE@ptr                  cstackCOMRAM 00004E
BUTTON_READ_STATE@F3023               bssCOMRAM    000068
BUZZER_INTIALIZE@F3015                bssCOMRAM    000067
BUZZER_TOGGLE@F3030                   bssCOMRAM    000064
BUZZER_TURN_OFF@F3025                 bssCOMRAM    000065
BUZZER_TURN_ON@F3020                  bssCOMRAM    000066
Bouncing_check@btn_unvaild_state      bssCOMRAM    000056
GPIO_PIN_DIRECTION_INTIALIZE@RET      cstackCOMRAM 00004D
GPIO_PIN_DIRECTION_INTIALIZE@ptr      cstackCOMRAM 000047
GPIO_PIN_INTIALIZED@RET               cstackCOMRAM 000051
GPIO_PIN_INTIALIZED@ptr               cstackCOMRAM 00004F
GPIO_PIN_TOGGLE_LOGIC@RET             cstackCOMRAM 00003F
GPIO_PIN_TOGGLE_LOGIC@ptr             cstackCOMRAM 00003A
GPIO_PIN_WRITE_LOGIC@RET              cstackCOMRAM 00004E
GPIO_PIN_WRITE_LOGIC@log              cstackCOMRAM 000048
GPIO_PIN_WRITE_LOGIC@ptr              cstackCOMRAM 000047
LED_INTIALIZE@F3020                   bssCOMRAM    000063
LED_INTIALIZE@RET                     cstackCOMRAM 000054
LED_INTIALIZE@ptr                     cstackCOMRAM 000052
LED_INTIALIZE@ptr1                    cstackCOMRAM 000055
LED_TOGGLE@F3034                      bssCOMRAM    000060
LED_TOGGLE@ptr                        cstackCOMRAM 000040
LED_TOGGLE@ptr1                       cstackCOMRAM 000042
LED_TURN_OFF@F3029                    bssCOMRAM    000061
LED_TURN_ON@F3025                     bssCOMRAM    000062
SEG_INTIALIZED@RET                    cstackCOMRAM 000053
SEG_INTIALIZED@i                      cstackCOMRAM 000054
SEG_INTIALIZED@ptr                    cstackCOMRAM 000052
SEG_WRITE_DATA@NUM                    cstackCOMRAM 000050
SEG_WRITE_DATA@RET                    cstackCOMRAM 000053
SEG_WRITE_DATA@i                      cstackCOMRAM 000054
SEG_WRITE_DATA@ptr                    cstackCOMRAM 00004F
_ADCON0bits                           (abs)        000FC2
_ADCON2bits                           (abs)        000FC0
_APP_INITIALIZE                       text2        00169E
_BUTTON_INTIALIZE                     text7        001450
_GIE                                  (abs)        007F97
_GPIO_PIN_DIRECTION_INTIALIZE         text8        001002
_GPIO_PIN_INTIALIZED                  text5        0014C0
_GPIO_PIN_TOGGLE_LOGIC                text11       00132E
_GPIO_PIN_WRITE_LOGIC                 text6        00112E
_INT0IE                               (abs)        007F94
_INT0IF                               (abs)        007F91
_INTEDG0                              (abs)        007F8E
_ISR                                  intcode      000008
_LATA                                 (abs)        000F89
_LATB                                 (abs)        000F8A
_LATC                                 (abs)        000F8B
_LATD                                 (abs)        000F8C
_LATE                                 (abs)        000F8D
_LAT_REG                              dataCOMRAM   00000B
_LED1                                 dataCOMRAM   000039
_LED2                                 dataCOMRAM   000023
_LED3                                 dataCOMRAM   000022
_LED_INTIALIZE                        text4        001592
_LED_TOGGLE                           text10       0015F4
_PEIE                                 (abs)        007F96
_PORTA                                (abs)        000F80
_PORTB                                (abs)        000F81
_PORTC                                (abs)        000F82
_PORTD                                (abs)        000F83
_PORTE                                (abs)        000F84
_PORT_REG                             dataCOMRAM   000001
_S1                                   dataCOMRAM   000021
_S2                                   dataCOMRAM   000020
_SEG_INTIALIZED                       text3        001650
_SEG_WRITE_DATA                       text1        0013D4
_Segment_1_min                        dataCOMRAM   000029
_Segment_1_sec                        dataCOMRAM   000033
_Segment_2_min                        dataCOMRAM   000024
_Segment_2_sec                        dataCOMRAM   00002E
_T1CKPS0                              (abs)        007E6C
_T1CKPS1                              (abs)        007E6D
_TMR1                                 (abs)        000FCE
_TMR1CS                               (abs)        007E69
_TMR1H                                (abs)        000FCF
_TMR1IE                               (abs)        007CE8
_TMR1IF                               (abs)        007CF0
_TMR1L                                (abs)        000FCE
_TMR1ON                               (abs)        007E68
_TRISA                                (abs)        000F92
_TRISB                                (abs)        000F93
_TRISC                                (abs)        000F94
_TRISD                                (abs)        000F95
_TRISE                                (abs)        000F96
_TRIS_REG                             dataCOMRAM   000015
__HRAM                                (abs)        000000
__H__absolute__                       __absolute__ 000000
__Habs1                               abs1         000000
__Hbank0                              bank0        000000
__Hbank1                              bank1        000000
__Hbank10                             bank10       000000
__Hbank11                             bank11       000000
__Hbank12                             bank12       000000
__Hbank13                             bank13       000000
__Hbank14                             bank14       000000
__Hbank15                             bank15       000000
__Hbank2                              bank2        000000
__Hbank3                              bank3        000000
__Hbank4                              bank4        000000
__Hbank5                              bank5        000000
__Hbank6                              bank6        000000
__Hbank7                              bank7        000000
__Hbank8                              bank8        000000
__Hbank9                              bank9        000000
__Hbigbss                             bigbss       000000
__Hbigdata                            bigdata      000000
__Hbigram                             bigram       000000
__Hbigsfr                             bigsfr       000000
__Hbss                                bss          000000
__HbssCOMRAM                          bssCOMRAM    000000
__Hcinit                              cinit        000000
__Hclrtext                            clrtext      000000
__Hcomram                             comram       000000
__Hconfig                             config       30000E
__Hconst                              const        000000
__HcstackCOMRAM                       cstackCOMRAM 000000
__Hdata                               data         000000
__HdataCOMRAM                         dataCOMRAM   000000
__Heeprom_data                        eeprom_data  000000
__Hfarbss                             farbss       000000
__Hfardata                            fardata      000000
__Hheap                               heap         000000
__Hibigdata                           ibigdata     000000
__Hidata                              idata        000000
__HidataCOMRAM                        idataCOMRAM  000000
__Hidloc                              idloc        000000
__Hifardata                           ifardata     000000
__Hinit                               init         000012
__Hintcode                            intcode      00000E
__Hintcode_body                       intcode_body 000000
__Hintcodelo                          intcodelo    000018
__Hintentry                           intentry     000000
__Hintret                             intret       000000
__Hintsave_regs                       intsave_regs 000000
__Hirdata                             irdata       000000
__Hmediumconst                        mediumconst  000000
__HnvFARRAM                           nvFARRAM     000000
__Hnvbit                              nvbit        000000
__Hnvrram                             nvrram       000000
__Hparam                              rparam       000000
__Hpowerup                            powerup      000000
__Hram                                ram          000000
__Hramtop                             ramtop       001000
__Hrbit                               rbit         000000
__Hrbss                               rbss         000000
__Hrdata                              rdata        000000
__Hreset_vec                          reset_vec    000004
__Hrparam                             rparam       000000
__Hsfr                                sfr          000000
__Hsivt_hi                            sivt_hi      000000
__Hsivt_lo                            sivt_lo      000018
__Hsmallconst                         smallconst   001002
__Hspace_0                            (abs)        001751
__Hspace_1                            (abs)        00006B
__Hspace_2                            (abs)        000000
__Hspace_4                            (abs)        60000E
__Hstack                              stack        000000
__Hstruct                             struct       000000
__Htemp                               temp         00006B
__Htext                               text         000000
__Htext0                              text0        000000
__Htext1                              text1        000000
__Htext10                             text10       000000
__Htext11                             text11       000000
__Htext2                              text2        000000
__Htext3                              text3        000000
__Htext4                              text4        000000
__Htext5                              text5        000000
__Htext6                              text6        000000
__Htext7                              text7        000000
__Htext8                              text8        000000
__LRAM                                (abs)        000001
__L__absolute__                       __absolute__ 000000
__Labs1                               abs1         000000
__Lbank0                              bank0        000000
__Lbank1                              bank1        000000
__Lbank10                             bank10       000000
__Lbank11                             bank11       000000
__Lbank12                             bank12       000000
__Lbank13                             bank13       000000
__Lbank14                             bank14       000000
__Lbank15                             bank15       000000
__Lbank2                              bank2        000000
__Lbank3                              bank3        000000
__Lbank4                              bank4        000000
__Lbank5                              bank5        000000
__Lbank6                              bank6        000000
__Lbank7                              bank7        000000
__Lbank8                              bank8        000000
__Lbank9                              bank9        000000
__Lbigbss                             bigbss       000000
__Lbigdata                            bigdata      000000
__Lbigram                             bigram       000000
__Lbigsfr                             bigsfr       000000
__Lbss                                bss          000000
__LbssCOMRAM                          bssCOMRAM    000000
__Lcinit                              cinit        000000
__Lclrtext                            clrtext      000000
__Lcomram                             comram       000000
__Lconfig                             config       000000
__Lconst                              const        000000
__LcstackCOMRAM                       cstackCOMRAM 000000
__Ldata                               data         000000
__LdataCOMRAM                         dataCOMRAM   000000
__Leeprom_data                        eeprom_data  000000
__Lfarbss                             farbss       000000
__Lfardata                            fardata      000000
__Lheap                               heap         000000
__Libigdata                           ibigdata     000000
__Lidata                              idata        000000
__LidataCOMRAM                        idataCOMRAM  000000
__Lidloc                              idloc        000000
__Lifardata                           ifardata     000000
__Linit                               init         00000E
__Lintcode                            intcode      000008
__Lintcode_body                       intcode_body 000000
__Lintcodelo                          intcodelo    000018
__Lintentry                           intentry     000000
__Lintret                             intret       000000
__Lintsave_regs                       intsave_regs 000000
__Lirdata                             irdata       000000
__Lmediumconst                        mediumconst  000000
__LnvFARRAM                           nvFARRAM     000000
__Lnvbit                              nvbit        000000
__Lnvrram                             nvrram       000000
__Lparam                              rparam       000000
__Lpowerup                            powerup      000000
__Lram                                ram          000000
__Lramtop                             ramtop       001000
__Lrbit                               rbit         000000
__Lrbss                               rbss         000000
__Lrdata                              rdata        000000
__Lreset_vec                          reset_vec    000000
__Lrparam                             rparam       000000
__Lsfr                                sfr          000000
__Lsivt_hi                            sivt_hi      000000
__Lsivt_lo                            sivt_lo      000018
__Lsmallconst                         smallconst   001000
__Lspace_0                            (abs)        000000
__Lspace_1                            (abs)        000000
__Lspace_2                            (abs)        000000
__Lspace_4                            (abs)        000000
__Lstack                              stack        000000
__Lstruct                             struct       000000
__Ltemp                               temp         00006A
__Ltext                               text         000000
__Ltext0                              text0        000000
__Ltext1                              text1        000000
__Ltext10                             text10       000000
__Ltext11                             text11       000000
__Ltext2                              text2        000000
__Ltext3                              text3        000000
__Ltext4                              text4        000000
__Ltext5                              text5        000000
__Ltext6                              text6        000000
__Ltext7                              text7        000000
__Ltext8                              text8        000000
__S0                                  (abs)        001751
__S1                                  (abs)        00006B
__S4                                  (abs)        000000
__S5                                  (abs)        000000
___heap_hi                            (abs)        000000
___heap_lo                            (abs)        000000
___inthi_sp                           stack        000000
___inthi_stack_hi                     stack        000000
___inthi_stack_lo                     stack        000000
___intlo_sp                           stack        000000
___intlo_stack_hi                     stack        000000
___intlo_stack_lo                     stack        000000
___param_bank                         (abs)        000000
___rparam_used                        (abs)        000001
___sp                                 stack        000000
___stack_hi                           stack        000000
___stack_lo                           stack        000000
__accesstop                           (abs)        000080
__activetblptr                        (abs)        000002
__end_of_APP_INITIALIZE               text2        0016DE
__end_of_BUTTON_INTIALIZE             text7        0014C0
__end_of_GPIO_PIN_DIRECTION_INTIALIZE text8        00112E
__end_of_GPIO_PIN_INTIALIZED          text5        00152E
__end_of_GPIO_PIN_TOGGLE_LOGIC        text11       0013D4
__end_of_GPIO_PIN_WRITE_LOGIC         text6        001258
__end_of_ISR                          intcode_body 00132E
__end_of_LED_INTIALIZE                text4        0015F4
__end_of_LED_TOGGLE                   text10       001650
__end_of_SEG_INTIALIZED               text3        00169E
__end_of_SEG_WRITE_DATA               text1        001450
__end_of__initialization              cinit        00170A
__end_of_main                         text0        001592
__initialization                      cinit        0016DE
__mediumconst                         smallconst   001000
__pbssCOMRAM                          bssCOMRAM    000056
__pcinit                              cinit        0016DE
__pcstackCOMRAM                       cstackCOMRAM 00003A
__pdataCOMRAM                         dataCOMRAM   000001
__pidataCOMRAM                        idataCOMRAM  001718
__pintcode                            intcode      000008
__pintcode_body                       intcode_body 001258
__psmallconst                         smallconst   001000
__ptext0                              text0        00152E
__ptext1                              text1        0013D4
__ptext10                             text10       0015F4
__ptext11                             text11       00132E
__ptext2                              text2        00169E
__ptext3                              text3        001650
__ptext4                              text4        001592
__ptext5                              text5        0014C0
__ptext6                              text6        00112E
__ptext7                              text7        001450
__ptext8                              text8        001002
__ramtop                              ramtop       001000
__smallconst                          smallconst   001000
_b1                                   dataCOMRAM   000038
_device_on                            bssCOMRAM    00005A
_main                                 text0        00152E
_min_tens                             bssCOMRAM    00005C
_min_unit                             bssCOMRAM    00005D
_ret                                  dataCOMRAM   00001F
_sec_tens                             bssCOMRAM    00005E
_sec_unit                             bssCOMRAM    00005F
btemp                                 temp         00006A
end_of_initialization                 cinit        00170A
int$flags                             temp         00006A
int_func                              intcode_body 001258
intlevel0                             text         000000
intlevel1                             text         000000
intlevel2                             text         000000
intlevel3                             text         000000
isa$std                               (abs)        000001
isa$xinst                             (abs)        000000
stackhi                               (abs)        000000
stacklo                               (abs)        000000
start                                 init         00000E
start_initialization                  cinit        0016DE
ttemp5                                temp         00006B
ttemp6                                temp         00006E
ttemp7                                temp         000072
wtemp8                                temp         00006B


MODULE INFORMATION

Module		Function		Class		Link	Load	Size
ECU/LED/LED.c
		_LED_INTIALIZE 		CODE           	1592	0000	98
		_LED_TOGGLE    		CODE           	15F4	0000	92

ECU/LED/LED.c estimated size: 190

MCAL/GPIO/GPIO.c
		_GPIO_PIN_WRITE_LOGIC		CODE           	112E	0000	298
		_GPIO_PIN_INTIALIZED		CODE           	14C0	0000	110
		_GPIO_PIN_TOGGLE_LOGIC		CODE           	132E	0000	166
		_GPIO_PIN_DIRECTION_INTIALIZE		CODE           	1002	0000	300

MCAL/GPIO/GPIO.c estimated size: 874

shared
		__initialization		CODE           	16DE	0000	44

shared estimated size: 44

ECU/BUTTON/button.c
		_BUTTON_INTIALIZE		CODE           	1450	0000	112

ECU/BUTTON/button.c estimated size: 112

7-Segment.c
		_SEG_INTIALIZED		CODE           	1650	0000	78
		_SEG_WRITE_DATA		CODE           	13D4	0000	124

7-Segment.c estimated size: 202

Mosque_Time_APP.c
		_ISR           		CODE           	0008	0000	220
		_main          		CODE           	152E	0000	100
		_APP_INITIALIZE		CODE           	169E	0000	64

Mosque_Time_APP.c estimated size: 384

